[
  {
    "layout": "",
    "titles": [
      "Code Block"
    ]
  },
  {
    "layout": "",
    "titles": [
      "Blocks"
    ],
    "code_blocks": [
      {
        "language": "go",
        "value": "package main\n\nimport \"fmt\"\n\nfunc main() {\n\tfmt.Println(\"Hello, 世界\")\n}\n"
      },
      {
        "language": "ts",
        "value": "const anExampleVariable = \"Hello World\"\nconsole.log(anExampleVariable)\n"
      },
      {
        "language": "mermaid",
        "value": "graph TD\n    A[md.Contents] --\u003e B[deck.Slide];\n    B --\u003e C[Google Slides];\n"
      },
      {
        "value": "Hello World\n"
      }
    ]
  }
]