[
  {
    "layout": "",
    "titles": [
      "Title"
    ]
  },
  {
    "layout": "",
    "titles": [
      "Title"
    ],
    "subtitles": [
      "Subtitle"
    ],
    "bodies": [
      {
        "paragraphs": [
          {
            "fragments": [
              {
                "value": "üëâ"
              },
              {
                "value": "here",
                "link": "https://example.com"
              }
            ],
            "bullet": "-"
          },
          {
            "fragments": [
              {
                "value": "here"
              },
              {
                "value": "üëâ",
                "link": "https://example.com"
              }
            ],
            "bullet": "-"
          },
          {
            "fragments": [
              {
                "value": "‚û°Ô∏è"
              },
              {
                "value": "here",
                "link": "https://example.com"
              }
            ],
            "bullet": "-"
          },
          {
            "fragments": [
              {
                "value": "üëçüèº"
              },
              {
                "value": "here",
                "link": "https://example.com"
              }
            ],
            "bullet": "-"
          }
        ]
      }
    ]
  }
]