[
  {
    "layout": "title-and-body",
    "titles": [
      "Empty link"
    ],
    "headings": {
      "1": [
        "Empty link"
      ]
    }
  }
]