[
  {
    "layout": "",
    "titles": [
      "Image"
    ]
  },
  {
    "layout": "",
    "titles": [
      "Image"
    ],
    "bodies": [
      {
        "paragraphs": [
          {
            "fragments": [
              {
                "value": "Hello PNG"
              }
            ]
          },
          {
            "fragments": [
              {
                "value": "Hello JPEG"
              }
            ]
          },
          {
            "fragments": [
              {
                "value": "Hello GIF"
              }
            ]
          }
        ]
      }
    ],
    "images": [
      "data:image/png;base64,iVBORw0KGgoAAAANSUhEUgAAAZAAAAGQCAYAAACAvzbMAAAHOklEQVR4nOzcO4qkVRyH4a+lI6kCY7PZTC9BEDMvCzATdAcuYcbUPVjuZQIRY6F6ATLOON7m0vV2VZ3v8jxw8l/2wj84H0wAEAgIAImAAJAICACJgACQCAgAiYAAkAgIAImAAJAICACJgACQCAgAiYAAkAgIAImAAJAICACJgACQCAgAiYAAkAgIAImAAJAICACJgACQCAgAiYAAkAgIAImAAJAICACJgACQCAgAiYAAkAgIAImAAJAICACJgACQCAgAiYAAkAgIAImAAJAICACJgACQCAgAiYAAkAgIAImAAJAICACJgACQCAgAiYAAkAgIAImAAJAICACJgACQCAgAiYAAkAgIAImAAJAICACJgACQCAgAiYAAkAgIAImAAJAICACJgACQCAgAiYAAkAgIAImAAJAICACJgACQCAgAiYAAkAgIAImAAJAICACJgACQCAgAiYAAkAgIAImAAJAICACJgACQCAgAiYAAkAgIAImAAJAICACJgACQCAgAiYAAkAgIAImAAJAICACJgACQCAgAiYAAkAgIAImAAJAICACJgACQCAgAiYAAkAgIAImAAJAICACJgACQCAgAye3oAaMdD7tPpmnaj94BC/DL/u7+59EjmI+b0QNGOx52z6dpejJ6ByzEV/u7+2ejRzAPTljAKZ4eD7svR49gHgQEOJWI8CcBAQoRQUCATEQ2TkCAxxCRDRMQ4LFEZKMEBDgHEdkgAQHORUQ2RkCAcxKRDREQ4NxEZCMEBLgEEdkAAQEuRURWTkCASxKRFRMQ4NJEZKUEBLgGEVkhAQGuRURWRkCAaxKRFREQ4NpEZCUEBBhBRFZAQIBRRGThBAQYSUQWTECA0URkoQQEmIMXEfli9AhOIyDAXDwTkWUREGBORGRBBASYGxFZCAEB5khEFkBAgLkSkZkTEGDORGTGBASYOxGZKQEBlkBEZkhAgKUQkZm5HT2A136bpun30SNg5r4+Hna/7u/ufxo9hGm6GT1gtONh93yapiejd0zT9Nn+7v7H0SNg7o6H3afTNH24v7v/YfSWrXPCApbmxjlrHgQEWCoRGUxAgCUTkYEEBFg6ERlEQIA1EJEBBARYCxG5MgEB1kRErkhAgLURkSsREGCNROQKBARYKxG5MAEB1kxELkhAgLV7ejzsPh89Yo0EBFi7v/7OEpEzExBgC0TkAgQE2AoROTMBAbZERM5IQICtEZEzERBgi0TkDAQE2CoReSQBAbZMRB5BQICtE5FIQABEJBEQgJdE5EQCAvA3ETmBgAD8m4g8kIAA/J+IPICAALyZiLyHgAC8nYi8g4AAvJuIvIWAALyfiLyBgAA8jIj8h4AAPJyI/IOAAJxGRF4REIDTvYjId6NHjCYgACQCAkAiIAAkAgJAIiAAJAICQCIgACQCAkAiIAAkAgJAIiAAJAICQCIgACQCAkAiIAAkAgJAIiAAJAICQCIgACQCAkAiIAAkAgJAIiAAJAICQCIgACQCAkAiIAAkAgJAIiAAJAICQCIgACQCAkAiIAAkAgJAIiAAJAICQCIgACQCAkAiIAAkAgJAIiAAJAICQCIgACQCAkAiIAAkAgJAIiAAJAICQCIgACQCAkAiIAAkAgJAIiAAJAICQCIgACQCAkAiIAAkAgJAIiAAJAICQCIgACQCAkAiIAAkAgJAIiAAJAICQCIgACQCAkAiIAAkAgJAIiAAJAICQCIgACQCAkAiIAAkAgJAIiAAJAICQCIgACS3owfw2vfHw+7b0SNgAT4aPYCXBGQ+Pn71ABbBCQuAREAASAQEgERAAEgEBIBEQABIBASAREAASAQEgERAAEgEBIBEQABIBASAREAASAQEgERAAEgEBIBEQABIBASAREAASAQEgERAAEgEBIBEQABIBASAREAASAQEgERAAEgEBIBEQABIBASAREAASG5HD5iBb6Zp2o8eASzOcfQAAFgkJywAEgEBIBEQABIBASAREAASAQEgERAAEgEBIBEQABIBASAREAASAQEgERAAEgEBIBEQABIBASAREAASAQEgERAAEgEBIBEQABIBASAREAASAQEgERAAEgEBIBEQABIBASAREAASAQEgERAAEgEBIBEQABIBASAREAASAQEgERAAEgEBIBEQABIBASAREAASAQEgERAAEgEBIBEQABIBASAREAASAQEgERAAEgEBIBEQABIBASAREAASAQEgERAAEgEBIBEQABIBASAREAASAQEgERAAEgEBIBEQABIBASAREAASAQEgERAAEgEBIBEQABIBASAREAASAQEgERAAEgEBIBEQABIBASAREAASAQEgERAAEgEBIBEQABIBASAREAASAQEgERAAEgEBIBEQABIBASAREAASAQEgERAAEgEBIBEQABIBASAREAASAQEgERAAEgEBIBEQABIBASAREAASAQEgERAAEgEBIBEQABIBASAREACSPwIAAP//eDTSuR8hrioAAAAASUVORK5CYII=",
      "data:image/jpeg;base64,/9j/2wCEAAgGBgcGBQgHBwcJCQgKDBQNDAsLDBkSEw8UHRofHh0aHBwgJC4nICIsIxwcKDcpLDAxNDQ0Hyc5PTgyPC4zNDIBCQkJDAsMGA0NGDIhHCEyMjIyMjIyMjIyMjIyMjIyMjIyMjIyMjIyMjIyMjIyMjIyMjIyMjIyMjIyMjIyMjIyMv/AABEIAZABkAMBIgACEQEDEQH/xAGiAAABBQEBAQEBAQAAAAAAAAAAAQIDBAUGBwgJCgsQAAIBAwMCBAMFBQQEAAABfQECAwAEEQUSITFBBhNRYQcicRQygZGhCCNCscEVUtHwJDNicoIJChYXGBkaJSYnKCkqNDU2Nzg5OkNERUZHSElKU1RVVldYWVpjZGVmZ2hpanN0dXZ3eHl6g4SFhoeIiYqSk5SVlpeYmZqio6Slpqeoqaqys7S1tre4ubrCw8TFxsfIycrS09TV1tfY2drh4uPk5ebn6Onq8fLz9PX29/j5+gEAAwEBAQEBAQEBAQAAAAAAAAECAwQFBgcICQoLEQACAQIEBAMEBwUEBAABAncAAQIDEQQFITEGEkFRB2FxEyIygQgUQpGhscEJIzNS8BVictEKFiQ04SXxFxgZGiYnKCkqNTY3ODk6Q0RFRkdISUpTVFVWV1hZWmNkZWZnaGlqc3R1dnd4eXqCg4SFhoeIiYqSk5SVlpeYmZqio6Slpqeoqaqys7S1tre4ubrCw8TFxsfIycrS09TV1tfY2dri4+Tl5ufo6ery8/T19vf4+fr/2gAMAwEAAhEDEQA/APf6KKKACiiigAooooAKKKKACiiigAooooAKKKKACiiigAooooAKKKKACiiigAooooAKKKKACiiigAooooAKKKKACiiigAooooAKKKKACiiigAooooAKKKKACiiigAooooAKKKKACiiigAooooAKKKKACiiigAooooAKKKKACiiigAooooAKKKKACiiigAooooAKKKKACiiigAooooAKKKKACiiigAooooAKKKKACiiigAooooAKKKKACiiigAooooAKKKKACiiigAooooAKKKKACiiigAooooAKKKKACiiigAooooAKKKKACiiigAooooAKKKKACiiigAooooAKKKKACiiigAooooAKKKKACiiigAooooAKKKKACiiigAooooAKKKKACiiigAooooAKKKKACiiigAooooAKKKKACiiigAooooAKKKKACiiigAooooAKKKKACiiigAooooAKKKKACiiigAooooAKKKKACiiigAooooAKKKKACiiigAooooAKKKKACiiigAooooAKKKKACiiigAooooAKKKKACiiigAooooAKKKKACiiigAooooAKKKKACiiigAooooAKKKKACiiigAooooAKKKKACiiigAooooAKKKKACiiigAooooAKKKKACiiigAooooAKKKKACiiigAooooAKKKKACiiigAooooAKKKKACiiigAooooAKKKKACiiigAooooAKKKKACiiigAooooAKKKKACiiigAooooAKKKKACiiigAooooAKKKKACiiigAooooAKKKKACiiigAooooAKKKKACiiigAooooAKKKKACisE+KbcEj7PLx7ij/hKbf8A595fzFeb/a+C/wCfi/H/ACOj6rW/lN6isH/hKbf/AJ95fzFH/CU2/wDz7y/mKP7YwP8Az8X4/wCQfVK38pvUVg/8JTb/APPvL+Yo/wCEpt/+feX8xR/bGB/5+L8f8g+qVv5TeorB/wCEpt/+feX8xR/wlNv/AM+8v5ij+2MD/wA/F+P+QfVK38pvUVg/8JTb/wDPvL+Yo/4Sm3/595fzFH9sYH/n4vx/yD6pW/lN6isH/hKbf/n3l/MUf8JTb/8APvL+Yo/tjA/8/F+P+QfVK38pvUVg/wDCU2//AD7y/mKP+Ept/wDn3l/MUf2xgf8An4vx/wAg+qVv5TeorB/4Sm3/AOfeX8xR/wAJTb/8+8v5ij+2MD/z8X4/5B9Urfym9RWD/wAJTb/8+8v5ij/hKbf/AJ95fzFH9sYH/n4vx/yD6pW/lN6isH/hKbf/AJ95fzFH/CU2/wDz7y/mKP7YwP8Az8X4/wCQfVK38pvUVg/8JTb/APPvL+Yo/wCEpt/+feX8xR/bGB/5+L8f8g+qVv5TeorB/wCEpt/+feX8xR/wlNv/AM+8v5ij+2MD/wA/F+P+QfVK38pvUVg/8JTb/wDPvL+Yq1Ya7bX03khWjc/dD/xVdPNMJUmoQqK7FLDVYq7ialFFFd5gFFFFABRRRQAUUUUAFFFFABRRRQAUUUUAFFFFABRRRQAUUUUAFFFFABRRRQB5w33z9aSlb75+tJX5U9z6YKKKKQBRRRQAUUUUAFFFFABRRRQAUUUUAFFFFABRRRQAUUUUAFFFFABRRRQAUoJVgQSCOQR2pKKAOt0XWhdgW9wwE4+639//AOvW3XnAJVgQSCOQR2rrNF1oXYFvcMBOPut/f/8Ar19jk+ce1tQrv3uj7+T8/wA/XfysXhOX34bG3RRRX0p5wUUUUAFFFFABRRRQAUUUUAFFFFABRRRQAUUUUAFFFFABRRRQAUUUUAecN98/WkpW++frSV+VPc+mCiiikAUVPFZXU6B4reV0P8SqSKk/sy+/585/++DWqoVWrqL+5kucV1KlFW/7Mvv+fOf/AL4NH9mX3/PnP/3waf1at/I/uYvaQ7oqUVb/ALMvv+fOf/vg0f2Zff8APnP/AN8Gj6tW/kf3MPaQ7oqUVb/sy+/585/++DR/Zl9/z5z/APfBo+rVv5H9zD2kO6KlFW/7Mvv+fOf/AL4NH9mX3/PnP/3waPq1b+R/cw9pDuipRVv+zL7/AJ85/wDvg0f2Zff8+c//AHwaPq1b+R/cw9pDuipRVv8Asy+/585/++DR/Zl9/wA+c/8A3waPq1b+R/cw9pDuipRVv+zL7/nzn/74NH9mX3/PnP8A98Gj6tW/kf3MPaQ7oqUVb/sy+/585/8Avg0f2Zff8+c//fBo+rVv5H9zD2kO6KlFW/7Mvv8Anzn/AO+DR/Zl9/z5z/8AfBo+rVv5H9zD2kO6KlFW/wCzL7/nzn/74NH9mX3/AD5z/wDfBo+rVv5H9zD2kO6KlKCVYEEgjkEdqtf2Zff8+c//AHwaP7Mvv+fOf/vg0fVq38j+5h7SHdHRaLrQuwLe4YCcfdb+/wD/AF6264IabfqQRaTgjkEIeK6rSr25kiEV7BJHKvAdlID/AP16+wyjMas0qOIi79G09fXz/P138rFUIr36b07GnRRRX0BwhRRRQAUUUUAFFFFABRRRQAUUUUAFFFFABRRRQAUUUUAFFFFAHnDffP1pKVvvn60lflT3PpgooopAdn4d/wCQPH/vN/OtWsrw7/yB4/8Aeb+datfpOXf7pS/wr8j5/EfxZeoUUUV2mIUUUUAFFFFABRRRQAUUUUAFFFFABRRRQAUUUUAFFFFABRRRQAUUUUAFZfiEldJcgkEOpBHbmtSsrxF/yB5P95f51x5j/ulT/C/yNsP/ABY+pDoutC7At7hgJx91v7//ANetuvOASrAgkEcgjtXWaLrQuwLe4YCcfdb+/wD/AF68bJ849rahXfvdH38n5/n679WLwnL78Njbooor6U88KKKKACiiigAooooAKKKKACiiigAooooAKKKKACiiigDzhvvn60lK33z9aSvyp7n0wUUUUgOz8O/8geP/AHm/nWrWV4d/5A8f+83861a/Scu/3Sl/hX5Hz+I/iy9QooortMQooooAKKKKACiiigAooooAKKKKACiiigAooooAKKKKACiiigAooooAKyvEX/IHk/3l/nWrWV4i/wCQPJ/vL/OuLMf90q/4X+Rth/4sfU4ylBKsCCQRyCO1JRX5sfQHW6LrQuwLe4YCcfdb+/8A/XrbrzgEqwIJBHII7V1mi60LsC3uGAnH3W/v/wD16+xyfOPa2oV373R9/J+f5+p5OLwnL78Njbooor6U88KKKKACiiigAooooAKKKKACiiigAooooAKKKKAPOG++frSUrffP1pK/KnufTBRRRSA7Pw7/AMgeP/eb+datZXh3/kDx/wC83861a/Scu/3Sl/hX5Hz+I/iy9QooortMQooooAKKKKACiiigAooooAKKKKACiiigAooooAKKKKACiiigAooooAKyvEX/ACB5P95f51q1leIv+QPJ/vL/ADrizH/dKv8Ahf5G2H/ix9TjKKKK/Nj6AKchIkUg4IIwRTaVfvj601uDPR6KKK/VT5kKKKKACiiigAooooAKKKKACiiigAooooAKKKKAPOG++frSUrffP1pK/KnufTBRRRSA7Pw7/wAgeP8A3m/nWrWV4d/5A8f+83861a/Scu/3Sl/hX5Hz+I/iy9QooortMQooooAKKKKACiiigAooooAKKKKACiiigAooooAKKKKACiiigAooooAKyvEX/IHk/wB5f51q1leIv+QPJ/vL/OuLMf8AdKv+F/kbYf8Aix9TjKKKK/Nj6AKVfvj60lKv3x9aa3A9Hooor9VPmQooooAKKKKACiiigAooooAKKKKACiiigAooooA84b75+tJSt98/Wkr8qe59MFFFFIDs/Dv/ACB4/wDeb+datZXh3/kDx/7zfzrVr9Jy7/dKX+FfkfP4j+LL1Ciiiu0xCiiigAooooAKKKKACiiigAooooAKKKKACiiigAooooAKKKKACiiigArK8Rf8geT/AHl/nWrWV4i/5A8n+8v864sx/wB0q/4X+Rth/wCLH1OMooor82PoApV++PrSUq/fH1prcD0eiiiv1U+ZCiiigAooooAKKKKACiiigAooooAKKKKACiiigDzhvvn60lK33z9aSvyp7n0wUUUUgOz8O/8AIHj/AN5v51q1leHf+QPH/vN/OtWv0nLv90pf4V+R8/iP4svUKKKK7TEKKKKACiiigAooooAKKKKACiiigAooooAKKKKACiiigAooooAKKKKACsrxF/yB5P8AeX+datZXiL/kDyf7y/zrizH/AHSr/hf5G2H/AIsfU4yiiivzY+gClX74+tJSr98fWmtwPR6KKK/VT5kKKKKACiiigAooooAKKKKACiiigAooooAKKKKAPOG++frSUrffP1pK/KnufTBRRRSA7Pw7/wAgeP8A3m/nWrWV4d/5A8f+83861a/Scu/3Sl/hX5Hz+I/iy9QooortMQooooAKKKKACiiigAooooAKKKKACiiigAooooAKKKKACiiigAooooAKyvEX/IHk/wB5f51q1leIv+QPJ/vL/OuLMf8AdKv+F/kbYf8Aix9TjKKKK/Nj6AKVfvj60lKv3x9aa3A9Hooor9VPmQooooAKKKKACiiigAooooAKKKKACiiigAooooA84b75+tJSt98/Wkr8qe59MFFFFICeK9uoECRXEqIP4VYgVJ/ad9/z+T/99mqlFaqvVSspP72S4RfQt/2nff8AP5P/AN9mj+077/n8n/77NVKKf1mt/O/vYvZw7It/2nff8/k//fZo/tO+/wCfyf8A77NVKKPrNb+d/ew9nDsi3/ad9/z+T/8AfZo/tO+/5/J/++zVSij6zW/nf3sPZw7It/2nff8AP5P/AN9mj+077/n8n/77NVKKPrNb+d/ew9nDsi3/AGnff8/k/wD32aP7Tvv+fyf/AL7NVKKPrNb+d/ew9nDsi3/ad9/z+T/99mj+077/AJ/J/wDvs1Uoo+s1v5397D2cOyLf9p33/P5P/wB9mj+077/n8n/77NVKKPrNb+d/ew9nDsi3/ad9/wA/k/8A32aP7Tvv+fyf/vs1Uoo+s1v5397D2cOyLf8Aad9/z+T/APfZo/tO+/5/J/8Avs1Uoo+s1v5397D2cOyLf9p33/P5P/32aP7Tvv8An8n/AO+zVSij6zW/nf3sPZw7It/2nff8/k//AH2aP7Tvv+fyf/vs1Uoo+s1v5397D2cOyLf9p33/AD+T/wDfZqOW9up0KS3Erof4WYkVBRSdeq1Zyf3sahFdAooorIoKVfvj60lKv3x9aa3A9Hooor9VPmQooooAKKKKACiiigAooooAKKKKACiiigAooooA84b75+tJSt98/Wkr8qe59MFFFFIAooooAKKKKACiiigAooooAKKKKACiiigAooooAKKKKACiiigAooooAKKKKACiiigAooooAKKKKAClX74+tJSr98fWmtwPR6KKK/VT5kKKKKACiiigAooooAKKKKACiiigAooooAKKKKAME+Frckn7RLz7Cj/hFrf/AJ+JfyFb1Feb/ZGC/wCfa/H/ADOj61W/mMH/AIRa3/5+JfyFH/CLW/8Az8S/kK3qKP7HwP8Az7X4/wCYfW638xg/8Itb/wDPxL+Qo/4Ra3/5+JfyFb1FH9j4H/n2vx/zD63W/mMH/hFrf/n4l/IUf8Itb/8APxL+Qreoo/sfA/8APtfj/mH1ut/MYP8Awi1v/wA/Ev5Cj/hFrf8A5+JfyFb1FH9j4H/n2vx/zD63W/mMH/hFrf8A5+JfyFH/AAi1v/z8S/kK3qKP7HwP/Ptfj/mH1ut/MYP/AAi1v/z8S/kKP+EWt/8An4l/IVvUUf2Pgf8An2vx/wAw+t1v5jB/4Ra3/wCfiX8hR/wi1v8A8/Ev5Ct6ij+x8D/z7X4/5h9brfzGD/wi1v8A8/Ev5Cj/AIRa3/5+JfyFb1FH9j4H/n2vx/zD63W/mMH/AIRa3/5+JfyFH/CLW/8Az8S/kK3qKP7HwP8Az7X4/wCYfW638xg/8Itb/wDPxL+Qo/4Ra3/5+JfyFb1FH9j4H/n2vx/zD63W/mMH/hFrf/n4l/IUf8Itb/8APxL+Qreoo/sfA/8APtfj/mH1ut/MYP8Awi1v/wA/Ev5Cj/hFrf8A5+JfyFb1FH9j4H/n2vx/zD63W/mMH/hFrf8A5+JfyFH/AAi1v/z8S/kK3qKP7HwP/Ptfj/mH1ut/MYP/AAi1v/z8S/kKP+EWt/8An4l/IVvUUf2Pgf8An2vx/wAw+t1v5jB/4Ra3/wCfiX8hR/wi1v8A8/Ev5Ct6ij+x8D/z7X4/5h9brfzGD/wi1v8A8/Ev5CgeFrcEH7RLx7Ct6ij+yMF/z7X4/wCYfWq38wUUUV6RzhRRRQAUUUUAFFFFABRRRQAUUUUAFFFFABRRRQAUUUUAFFFFABRRRQAUUUUAFFFFABRRRQAUUUUAFFFFABRRRQAUUUUAFFFFABRRRQAUUUUAFFFFABRRRQAUUUUAFFFFABRRRQAUUUUAFFFFABRRRQAUUUUAFFFFABRRRQAUUUUAFFFFABRRRQAUUUUAFFFFABRRRQAUUUUAFFFFABRRRQAUUUUAFFFFABRRRQAUUUUAFFFFABRRRQAUUUUAFFFFABRRRQAUUUUAFFFFABRRRQAUUUUAFFFFABRRRQAUUUUAFFFFABRRRQAUUUUAFFFFABRRRQAUUUUAFFFFABRRRQAUUUUAFFFFABRRRQAUUUUAFFFFABRRRQAUUUUAFFFFABRRRQAUUUUAFFFFABRRRQAUUUUAFFFFABRRRQAUUUUAFFFFABRRRQAUUUUAFFFFABRRRQAUUUUAFFFFABRRRQAUUUUAFFFFABRRRQAUUUUAFFFFABRRRQAUUUUAFFFFABRRRQAUUUUAFFFFABRRRQAUUUUAFFFFABRRRQAUUUUAFFFFABRRRQAUUUUAFFFFABRRRQAUUUUAFFFFABRRRQAUUUUAFFFFABRRRQAUUUUAFFFFABRRRQAUUUUAFFFFABRRRQAUUUUAFFFFABRRRQAUUUUAFFFFABRRRQAUUUUAFFFFABRRRQAUUUUAFFFFABRRRQAUUUUAFFFFABRRRQAUUUUAFFFFABRRRQAUUUUAFFFFABRRRQAUUUUAFFFFABRRRQAUUUUAFFFFABRRRQAUUUUAFFFFABRRRQAUUUUAFFFFAH//2Q==",
      "data:image/gif;base64,R0lGODlhkAGQAYEAAAAAAPO6DAAAACZFySH5BAEAAAIALAAAAACQAZABAAL/lI+py+0Po5y02ouz3rz7D4biSJbmiabqyrbuC8fyTNf2jef6zvf+DwwKh8Si8YhMKpfMpvMJjUqn1Kr1is1qt9yu9wsOi8fksvmMTqvX7Lb7DY/L5/S6/Y7P6/f8vv8PGCg4SFhoeIiYqLjI2Oj4CBkpOUlZaXmJmam5ydnp+QkaKjpKWmp6ipqqusra6voKGys7S1tre4ubq7vL2+v7CxwsPExcbHyMnKy8zNzs/AwdLT1NXW19jZ2tvc3d7f0NHi4+Tl5ufo6err7O3u7+Dh8vP09fb3+Pn6+/z9/v/w8woMCBBAsaPIgwocKFDBs6fAgxosSJFCtavIgxo8aN/xw7evwIMqTIkSRLmjyJMqXKlQkCuHwJM6bMmTRr2ryJM6fOnTx7+vyZMxnQoUSLGj2KNClPZEqbOn0KNSrRY1KrWr2KFamxrFy7ev3qshjYsWTLah1mNq3atTfRsn0LV62wuHTrfg1mN6/eqsD2+v2b9BfgwYR/+iqMOHFbXoobO37J+LHkxLsmWy6s67JmwLk2e96L67Nou7dGm45r67RqtrVWu05L67VssrNm274b67Zurrl3+7YK67dwqa+GG3/q6rhypa2WOz/K6rn0qaqmWzec6rr2paiislzi/XuS8M4CmCLfLCwp9Mwgj2K/DOZ7qNBiioKvTGYo/EL1f//iz9RM/9H3TE2eAEiVgZwguJVNCxJYnoObMCjWYplQSExQF0KYnoaXYOiWh5WAONdOH3LYHneUkIhXTyOiGJ9PK8KYH3aRsNgXUJLgKNhQN9LYn4+P8HhYUUMCGaCRjRDZy1mLMBkZdE8imaCTiEBZGXOJYJlZU1tS2aCXh3DZGXKGkBkamHugWZqaerCZmpt5wNmanHjQGZudd+BZm5528CkLoGcIGpyfdRBanKF0IJqconMw2pyjckAanaRxULoKpmBomp2lcHDanadvgHoKqVyYWgqqWqg6n5mEsHqfqG7Aup+sbdAKCq5V6HqgrWzw2gmwUgg7oa9rEKsJsk//KIsJs004awm04Bmbp6uDSDujtYJgOwm3SHj7o7aBgAsJuUWY6wi6Q6jLCLtBuKsIvD/IeyW1adA7pr1o4HumvoP6W6i4gPBbCME6GHwtwGUgvK3CZDA8rsNjQDywxGJQ/AfGNGjcB8cyeLymxWGA/KbIm5rcqcAZoxyqyn6QPCfLXcB8p8yn2pwqzqvq3KpT/bpcpc8F8xwr0HzQvCfRVyD9p9JWMH2o07tK3avRIVudIdVTQL2o1sN6XSzWMYtdItlJm50j2lGrXSTbj4KdLNzLyt0s3c/aHS3e07odpdCv6p2t3wnznSXhnwLeLeLfKh6u4A0bXibkszJeLuXn/1qeLubrat4u5+96Hi/o84per+S3kp6v6b9uxzptQ7cOe1c/x047cK/XjjvqPOTOu+rH9g68lY8HT7yOtxePvInHJ8+8hH83D72Cz0dPvXzLVx/97NhTr/320HfvPfPgh4/8+OQTb/75wKevPu/st4/7+/DTLv/8sNdvP+v456/d/vxb57//SSeAAnQOAQuonAMi0DgKXKBwGuhA30AwgrqZIAVtI54ManCDHOygBz8IwhCKcIQkLKEJT4jCFKpwhSxsoQtfCMMYynCGNKyhDW+IwxzqcIc87KEPfwjEIApxiEQsohGPiMQkKnGJTGyiE58IxShKcYpUrKIVr4jFLE9qcYtc7KIXvwjGMIpxjGQsoxnPiMY0qnGNbGyjG98IxzjKcY50rKMd74jHPOpxj3zsox//CMhACnKQhCykIQ+JyEQqcpGMbKQjHwnJJBYAADs="
    ]
  }
]