[
  {
    "layout": "",
    "titles": [
      "Images"
    ]
  },
  {
    "layout": "",
    "titles": [
      "Images"
    ],
    "bodies": [
      {
        "paragraphs": [
          {
            "fragments": [
              {
                "value": "Hello PNG"
              }
            ]
          },
          {
            "fragments": [
              {
                "value": "Hello JPEG"
              }
            ]
          },
          {
            "fragments": [
              {
                "value": "Hello GIF"
              }
            ]
          }
        ]
      }
    ],
    "images": [
      "data:image/png;base64,iVBORw0KGgoAAAANSUhEUgAAAZAAAAGQCAYAAACAvzbMAAAPk0lEQVR4nOzdeaxmd13H8c/QEQqdEagi3VDZYhtMikWLS1IriWNdSiIglFQw2NalLAarsYgiECOFKqi1YmhBcKUsKtAAHWoaNAhEQLASa5UqULpRSumdonQbc9vf0OntzDzn+d5znvMsr1fyZPjjzPn9uOk873u233lAAKBAQAAoERAASgQEgBIBAaBEQAAoERAASgQEgBIBAaBEQAAoERAASgQEgBIBAaBEQAAoERAASgQEgBIBAaBEQAAoERAASgQEgBIBAaBEQAAoERAASgQEgBIBAaBEQAAoERAASgQEgBIBAaBEQAAoERAASgQEgBIBAaBEQAAoERAASgQEgBIBAaBEQAAoERAASgQEgBIBAaBEQAAoERAASgQEgBIBAaBEQAAoERAASgQEgBIBAaBEQAAoERAASgQEgBIBAaBEQAAoERAASgQEgBIBAaBEQAAoERAASgQEgBIBAaBEQAAoERAASgQEgBIBAaBEQAAoERAASgQEgBIBAaBEQAAoERAASgQEgBIBAaBEQAAoERAASgQEgBIBAaBEQAAoERAASgQEgBIBAaBEQAAoERAASgQEgBIBAaBEQAAoERAASgQEgBIBAaBEQAAoERAASgQEgBIBAaBEQAAoERAASgQEgBIBAaBEQAAoERAASgQEgBIBAaBEQAAoERAASgQEgBIBAaBEQAAoERAASgQEgJKtY09gbGs7tz0zyfax5wEL4HPbd+z6wNiTYH5sGXsCY1vbue2qJI8eex6wIM7YvmPXhWNPgvngFBYwjQvWdm47fexJMB8EBJiWiHA3AQEqRAQBAcpEZMUJCLAZIrLCBATYLBFZUQIC9EFEVpCAAH0RkRUjIECfRGSFCAjQNxFZEQICDEFEVoCAAEMRkSUnIMCQRGSJCQgwNBFZUgICzIKILCEBAWZFRJaMgACzJCJLRECAWRORJSEgwBhEZAkICDAWEVlwAgKMSUQWmIAAYxORBSUgwDxYj8hpY0+C6QgIMC8uFJHFIiDAPBGRBSIgwLwRkQUhIMA8EpEFICDAvBKROScgwDwTkTkmIMC8E5E5JSDAIhCROSQgwKIQkTmzdewJ8HXXJLl57EnAnHvx2s5tV2/fseuSsSdCsmXsCYxtbee2q5I8eux5JDl1+45dfzX2JGDere3c9uwkD9m+Y9cbx57LqnMKC1g0W5zOmg8CAiwqERmZgACLTERGJCDAohORkQgIsAxEZAQCAiwLEZkxAQGWiYjMkIAAy0ZEZkRAgGUkIjMgIMCyEpGBCQiwzERkQAICLLsL1nZu+9mxJ7GMBARYdnvWzhKRngkIsApEZAACAqwKEemZgACrRER6JCDAqhGRnggIsIpEpAcCAqwqEdkkAQFWmYhsgoAAq05EigQEQERKBATgHiIyJQEBuJeITEFAAO5LRDoSEID7E5EOBARg30RkAgEB2D8ROQABATgwEdkPAQGYTET2QUAAuhGRDbaOPQHmzkFJtm3i79+Z5LYktyfZ3eO89ufgJA+asM0dSW7tabwuP5/1/+9f7Wm8/TksyfclObz9770/25Pc0j5fSXJDkn9N8skkl/f4s1hFeyKS7Tt2vWnsyYxNQNjo8Un+vad93bbh8+Uk/53kf9qf/5Tkw5sMzVlJfnvCNruSHJ3kC5sYZ4/HJbliwjZvTvK8Hsba6NAkT0vy7CQnFs8grP+s/yHJnyd5Z5KbB5jnshORxikshvTA9tv6oe0342OS/FiSM5Ocm+RDLSDPaL/ZD2V9Dq8dcP9DOy7Je5Jcl+SCJE/ZxL/d9S+/H1z/Amz7+6MkD+95vqtg/ef4G2NPYmwCwtienOTtSa5M8l0DjvPMJDsG3P8Q1v99/mqSjyT5iSTf0PP+H5Tk+e1nf1r7UoTOBIR58Zgkl7Xz+kM5v10zWQRHJflAktcMEI6NvrkdkZw/8JEgS0ZAmCcPbV+aJw60/8clOXugfffp6e2i91NmPO4vJnlbh5sS4G4Cwrw5JMn7knzbQPt/SbtRYF69KMk7Rrwu8bQkvzvS2CwYAWEeHZzkpQPt+4HtVM08nu8/fk6+vF+Q5FljT4L55zZeqq7d8DzBlr3uutrew39bz0vyqna7b99+uF1Uv2iAfVcd2k4fTXu945Ykl7Zboq9P8sX23Mu3t+tKj03yI0keNuV+39BOJ9405d9jhQgIVae1U037sndMtrXTMSclOTXJd3bc/9Z2FHJ6j3Pe2+va/G8ZaP/TWP95/emUp+3+JcnLklzSHlw8kG9st06f1S6Yd7H+d37ZraociFNYDGF3kq8l+VKSz7YnoM9JcmySV0yxn58Z8K6pw5O8cqB9T+vFSZ7acduvJnluku9OcnGHeKRF8px2VPJ3U8zrl5J80xTbs2IEhFm6K8nL2xdTF1vbl95QXjjwsyddHJbk1R23vS7JCe0p8rsKY92a5JQk7+24/frR408WxmFFCAhjOD/JJzpu+5gB57H+3//rR/538JyOp5LXv/x/KMnHNzne19ptwh/uuP3JmxyPJSYgjOHOFpEuHjvwXJ6c5IyBx9ifLVOsmfWCDmtwdfV/U1zbOLFdz4L7ERDG8umO2w15BLLHOUm+ZQbjbPQ9bX2wSd6f5C09j33ZPo5m1pL8Y5Lz2k0ST0ryyLYQJtyPu7AYy+c6bveIgeeRdovrue2i/Sx1Pfp47QBL4+9uT+Wf0G5y+GRbJblybYUVJSCM5aiO290w8Dz2eG6SNyX54IzGO7gtyz7JFe05jyFcOuC+WQFOYTGW4zpud20PY32q43avn+H5/hPa2l+T/M2MXswFUxMQxnBQe/ahi2t6GO932vMokxzTHp6bha4PDX5k4HlAmYAwhpcn+Y6O2/bxdsRb211MXbxswIUc99b1FN5HB54HlAkIs3RIe2iu6y2kV7YlO/pwcZK/7bDdg5P8YU9jHkiXgNw4w2tAMDUX0RnKlvZeiSPa9Y4ntQvVR0yxj7/o+fz/i9pCitsmbPfU9nl3j2Nv9KgO23x5wPFh0wSEqje3dZn29oD2G/xD2mczS6bf3gLSp6vbKaou70c/L8nfb1hxuE9djkBuLu77B3p+fuaa9rOA+xAQqoZ+8O4VAy3lfl573uPYCdt9a5LfHOgNhls6HoFUVwr++bZESl8uERD2xTUQ5tE/T7HA4LTuaF+wXU6NnZXkCQPNo8sqw0O/Cx02RUCYN59pb8O7Y8AxPprkTzpst36E/scDvL1wd8fnW7o8JwKjERDmySfa+fshTl1t9Osd73A6oV3879sXOmwjIMw1AWEe3J7k99rKr9fPaMybp3iY8dz2ytk+Xd1hm4fP6bvb4W4Cwph2tZcjPSHJr7TVYGfprzuuBfWI9jR7n7oegRzZ87jQG3dhMYTd7Tf8m9qzDHv+3Pt//2eSnUn+d+R5npnk8vbMyoH8XHtvefXW2o26BCTt1bVdjlZg5gSEqmft57f3u9rtp4uyLPh6yF7Vllc5kC3twvtP9zRul7W50t4ZMs17zNe9J8nnO257xoyWzGcJCQhVa+1oYhm8OsmpSR4/YbsnJnl+T2Ne2q79TLpV98fb0i/TPJH/9vbp4mQBoco1ELjnFa9ndtz2F3oa86b2gN4kxyY5vqcxoVcCAvdYPyL4yw7b9XlX1Fs7btdXtKBXAgL3OivJV2Y43rvb0c8kz2kX02GuCAjc6/qB1r7an7W2zPwkB7XbnR88gzlBZwIC9/WGGb/E6c86bnd0e2d7n+tjHZvkkT3ujxUjIHBfd7XFFu+c0XgXT/HekVOSvKu9mGszHpXkLe1lXUOvqswSExC4v08l+YMZjbW7BavrLdE/muRjSU4qjPXQ9kT9lW19L8uksCkCAvv2WzN8Avy6KW4jTjud9b52G/CpE9bpelCSHS2I/5XkJR2XkoeJPEgI+7YryQs7vke9DxcleXqSn5ri7+xonzvbcizXthjdkeTw9jm6h1NesE8CAvv3rrYsyMkzGm/9KOR7O76tcG8HtafknzjAnG6f4ql2VoxTWLB/u9tRyMZ3vw/lxva8x2UzGm+Sq5J8f5I3jj0R5pOAwIF9tr2ffVZuaKelXjPDMfflbUmOaxfsYZ8EBCZ7XZJ/m+F4dyT5tSTPaNdiZumS9mKvU2b8VD4LSEBgsttHWo/qnW0594uS3DbgOLuTvKOdPjspyQenXP2XFSUg0M2Hklw4wrhXtKOBI9sreD/d474/luSVSY5pd399vMd9swLchcVGtyZ5f4ftbpzBXLr4TIf5frGnsc5OcliHfzeX9zTe3tZ/3r/fnuc4Psnp7c+jpnhf+83tLZDvbT+zWb1/niUlIGz0+fa086J46xTLom/Wl2Z4S+/+7G5rde29XtchLSRHtVuAj2y/COx5LmTPn2tOTdEnAYHFtx6L/2gfmBnXQAAoERAASgQEgBIBAaBEQAAoERAASgQEgBIBAaBEQAAoERAASgQEgBIBAaBEQAAoERAASgQEgBIBAaBEQAAoERAASgQEgBIBAaBEQAAoERAASgQEgBIBAaBEQAAoERAASgQEgBIBAaBEQAAoERAASgQEgBIBAaBk69gT4OvOXdu57aVjTwIWwMPGngD3EJD5cUT7ACwEp7AAKBEQAEoEBIASAQGgREAAKBEQAEoEBIASAQGgREAAKBEQAEoEBIASAQGgREAAKBEQAEoEBIASAQGgREAAKBEQAEoEBIASAQGgREAAKBEQAEoEBIASAQGgREAAKBEQAEoEBIASAQGgREAAKBEQAEoEBIASAQGgZOvYE5gDZyfZPvYkgIWzNvYEAGAhOYUFQImAAFAiIACUCAgAJQICQImAAFAiIACUCAgAJQICQImAAFAiIACUCAgAJQICQImAAFAiIACUCAgAJQICQImAAFAiIACUCAgAJQICQImAAFAiIACUCAgAJQICQImAAFAiIACUCAgAJQICQImAAFAiIACUCAgAJQICQImAAFAiIACUCAgAJQICQImAAFAiIACUCAgAJQICQImAAFAiIACUCAgAJQICQImAAFAiIACUCAgAJQICQImAAFAiIACUCAgAJQICQImAAFAiIACUCAgAJQICQImAAFAiIACUCAgAJQICQImAAFAiIACUCAgAJQICQImAAFAiIACUCAgAJQICQImAAFAiIACUCAgAJQICQImAAFAiIACUCAgAJQICQImAAFAiIACUCAgAJQICQImAAFAiIACUCAgAJQICQImAAFAiIACUCAgAJQICQImAAFAiIACUCAgAJQICQImAAFAiIACUCAgAJQICQImAAFAiIACUCAgAJQICQImAAFAiIACUCAgAJQICQImAAFAiIACU/H8AAAD//zBqRpoyu8JXAAAAAElFTkSuQmCC",
      "data:image/jpeg;base64,/9j/2wCEAAgGBgcGBQgHBwcJCQgKDBQNDAsLDBkSEw8UHRofHh0aHBwgJC4nICIsIxwcKDcpLDAxNDQ0Hyc5PTgyPC4zNDIBCQkJDAsMGA0NGDIhHCEyMjIyMjIyMjIyMjIyMjIyMjIyMjIyMjIyMjIyMjIyMjIyMjIyMjIyMjIyMjIyMjIyMv/AABEIAZABkAMBIgACEQEDEQH/xAGiAAABBQEBAQEBAQAAAAAAAAAAAQIDBAUGBwgJCgsQAAIBAwMCBAMFBQQEAAABfQECAwAEEQUSITFBBhNRYQcicRQygZGhCCNCscEVUtHwJDNicoIJChYXGBkaJSYnKCkqNDU2Nzg5OkNERUZHSElKU1RVVldYWVpjZGVmZ2hpanN0dXZ3eHl6g4SFhoeIiYqSk5SVlpeYmZqio6Slpqeoqaqys7S1tre4ubrCw8TFxsfIycrS09TV1tfY2drh4uPk5ebn6Onq8fLz9PX29/j5+gEAAwEBAQEBAQEBAQAAAAAAAAECAwQFBgcICQoLEQACAQIEBAMEBwUEBAABAncAAQIDEQQFITEGEkFRB2FxEyIygQgUQpGhscEJIzNS8BVictEKFiQ04SXxFxgZGiYnKCkqNTY3ODk6Q0RFRkdISUpTVFVWV1hZWmNkZWZnaGlqc3R1dnd4eXqCg4SFhoeIiYqSk5SVlpeYmZqio6Slpqeoqaqys7S1tre4ubrCw8TFxsfIycrS09TV1tfY2dri4+Tl5ufo6ery8/T19vf4+fr/2gAMAwEAAhEDEQA/APf6KKKACiiigAooooAKKKKACiiigAooooAKKKKACiiigAooooAKKKKACiiigAooooAKKKKACiiigAooooAKKKKACiiigAooooAKKKKACiiigAooooAKKKKACiiigAooooAKKKKACiiigAooooAKKKKACiiigAooooAKKKKACiiigAooooAKKKKACiiigAooooAKKKKACiiigAooooAKKKKACiiigAooooAKKKKACiiigAooooAKKKKACiiigAooooAKKKKACiiigAooooAKKKKACiiigAooooAKKKKACiiigAooooAKKKKACiiigAooooAKKKKACiiigAooooAKKKKACiiigAooooAKKKKACiiigAooooAKKKKACiiigAooooAKKKKACiiigAooooAKKKKACiiigAooooAKKKKACiiigAooooAKKKKACiiigAooooAKKKKACiiigAooooAKKKKACiiigAooooAKKKKACiiigAooooAKKKKACiiigAooooAKKKKACiiigAooooAKKKKACiiigAooooAKKKKACiiigAooooAKKKKACiiigAooooAKKKKACiiigAooooAKKKKACiiigAooooAKKKKACiiigAooooAKKKKACiiigAooooAKKKKACiiigAooooAKKKKACiiigAooooAKKKKACiiigAooooAKKKKACiiigAooooAKKKKACiiigAooooAKKKKACiiigAooooAKKKKACiiigAooooAKKKKACiiigAooooAKKKKACiiigAooooAKKKKACiiigAooooAKKKKACiiigAooooAKKKKACisE+KbcEj7PLx7ij/hKbf8A595fzFeb/a+C/wCfi/H/ACOj6rW/lN6isH/hKbf/AJ95fzFH/CU2/wDz7y/mKP7YwP8Az8X4/wCQfVK38pvUVg/8JTb/APPvL+Yo/wCEpt/+feX8xR/bGB/5+L8f8g+qVv5TeorB/wCEpt/+feX8xR/wlNv/AM+8v5ij+2MD/wA/F+P+QfVK38pvUVg/8JTb/wDPvL+Yo/4Sm3/595fzFH9sYH/n4vx/yD6pW/lN6isH/hKbf/n3l/MUf8JTb/8APvL+Yo/tjA/8/F+P+QfVK38pvUVg/wDCU2//AD7y/mKP+Ept/wDn3l/MUf2xgf8An4vx/wAg+qVv5TeorB/4Sm3/AOfeX8xR/wAJTb/8+8v5ij+2MD/z8X4/5B9Urfym9RWD/wAJTb/8+8v5ij/hKbf/AJ95fzFH9sYH/n4vx/yD6pW/lN6isH/hKbf/AJ95fzFH/CU2/wDz7y/mKP7YwP8Az8X4/wCQfVK38pvUVg/8JTb/APPvL+Yo/wCEpt/+feX8xR/bGB/5+L8f8g+qVv5TeorB/wCEpt/+feX8xR/wlNv/AM+8v5ij+2MD/wA/F+P+QfVK38pvUVg/8JTb/wDPvL+Yq1Ya7bX03khWjc/dD/xVdPNMJUmoQqK7FLDVYq7ialFFFd5gFFFFABRRRQAUUUUAFFFFABRRRQAUUUUAFFFFABRRRQAUUUUAFFFFABRRRQB5w33z9aSlb75+tJX5U9z6YKKKKQBRRRQAUUUUAFFFFABRRRQAUUUUAFFFFABRRRQAUUUUAFFFFABRRRQAUoJVgQSCOQR2pKKAOt0XWhdgW9wwE4+639//AOvW3XnAJVgQSCOQR2rrNF1oXYFvcMBOPut/f/8Ar19jk+ce1tQrv3uj7+T8/wA/XfysXhOX34bG3RRRX0p5wUUUUAFFFFABRRRQAUUUUAFFFFABRRRQAUUUUAFFFFABRRRQAUUUUAecN98/WkpW++frSV+VPc+mCiiikAUVPFZXU6B4reV0P8SqSKk/sy+/585/++DWqoVWrqL+5kucV1KlFW/7Mvv+fOf/AL4NH9mX3/PnP/3waf1at/I/uYvaQ7oqUVb/ALMvv+fOf/vg0f2Zff8APnP/AN8Gj6tW/kf3MPaQ7oqUVb/sy+/585/++DR/Zl9/z5z/APfBo+rVv5H9zD2kO6KlFW/7Mvv+fOf/AL4NH9mX3/PnP/3waPq1b+R/cw9pDuipRVv+zL7/AJ85/wDvg0f2Zff8+c//AHwaPq1b+R/cw9pDuipRVv8Asy+/585/++DR/Zl9/wA+c/8A3waPq1b+R/cw9pDuipRVv+zL7/nzn/74NH9mX3/PnP8A98Gj6tW/kf3MPaQ7oqUVb/sy+/585/8Avg0f2Zff8+c//fBo+rVv5H9zD2kO6KlFW/7Mvv8Anzn/AO+DR/Zl9/z5z/8AfBo+rVv5H9zD2kO6KlFW/wCzL7/nzn/74NH9mX3/AD5z/wDfBo+rVv5H9zD2kO6KlKCVYEEgjkEdqtf2Zff8+c//AHwaP7Mvv+fOf/vg0fVq38j+5h7SHdHRaLrQuwLe4YCcfdb+/wD/AF6264IabfqQRaTgjkEIeK6rSr25kiEV7BJHKvAdlID/AP16+wyjMas0qOIi79G09fXz/P138rFUIr36b07GnRRRX0BwhRRRQAUUUUAFFFFABRRRQAUUUUAFFFFABRRRQAUUUUAFFFFAHnDffP1pKVvvn60lflT3PpgooopAdn4d/wCQPH/vN/OtWsrw7/yB4/8Aeb+datfpOXf7pS/wr8j5/EfxZeoUUUV2mIUUUUAFFFFABRRRQAUUUUAFFFFABRRRQAUUUUAFFFFABRRRQAUUUUAFZfiEldJcgkEOpBHbmtSsrxF/yB5P95f51x5j/ulT/C/yNsP/ABY+pDoutC7At7hgJx91v7//ANetuvOASrAgkEcgjtXWaLrQuwLe4YCcfdb+/wD/AF68bJ849rahXfvdH38n5/n679WLwnL78Njbooor6U88KKKKACiiigAooooAKKKKACiiigAooooAKKKKACiiigDzhvvn60lK33z9aSvyp7n0wUUUUgOz8O/8geP/AHm/nWrWV4d/5A8f+83861a/Scu/3Sl/hX5Hz+I/iy9QooortMQopCQBkkAe9IHUnAYfnQA6iim70/vD86AHUU3en99fzpwOelABRRRQAUUhYL1IH1pN6f31/OgB1FN3p/fX86N6f31/OgB1FN3qf4h+dOoAKKKRmVFLMwVQMkk4AoAWisqbxPoFu+yfXNMib+693Gp/U1ctNQstQQvZXlvcoOrQyq4/Q0AWaKKKACsrxF/yB5P95f51q1leIv8AkDyf7y/zrizH/dKv+F/kbYf+LH1OMpQSrAgkEcgjtSUV+bH0B1ui60LsC3uGAnH3W/v/AP162684BKsCCQRyCO1dZoutC7At7hgJx91v7/8A9evscnzj2tqFd+90ffyfn+fqeTi8Jy+/DY26KKK+lPPCiiigAooooAKKKKACiiigAooooAKKKKACiiigDzhvvn60lK33z9aSvyp7n0wUUUUgOz8O/wDIHj/3m/nWrWV4d/5A8f8AvN/OtWv0nLv90pf4V+R8/iP4svUKKKK7TE8r/aD/AOSZ/wDb9F/Jq+e/hx/yUnw5/wBhCH/0IV9CftB/8kz/AO36L+TV89/Dj/kpPhz/ALCEP/oQoA+2K+GvGH/I7a9/2Ebj/wBGNX3LXw14w/5HbXv+wjcf+jGoAyFhlddyxuV9QppFZ4z8rMpHocV9a/An/klGnf8AXaf/ANGNXoN1ZWt9C0N3bQ3ETjDJLGHUj3BoA+L/AA58Q/FHha7SbT9WuDGCN1vO5kicehU9PqMH3r6z8C+MbTxx4Yh1e1QxOWMc8BbJikHUZ7jkEH0Ir5g+L/hax8JePp7PTU8uznhS5jiByIt2QVHtlSR7Gu7/AGab111HX7HLGN4opgOwKlh+u4flQBq/tK/8gXQP+viX/wBBFfOiqzttVSx9AM19F/tK/wDIF0D/AK+Jf/QRXnHwN/5K1pP+5P8A+inoA8++zz/88ZP++TR9nn/54yf98mvvuigD4h8EwTDx74dJikAGp22SVP8Az1Wvt6imTTR28Ek8zhIo1LuzdFAGSTQBxfxH+JFh8P8ATI2eL7VqVyD9ntQ2OB1dj2UfmTwO5Hyz4m8c+I/F1zJLq2pzSRM2RbIxWFPQBOn4nJ96j8ZeJbjxb4rv9YuHdlmlIhVj/q4gfkUfQfrk969u+Cnwt09dFt/FOuWqXN1c/PZwTLuSJM8OQeCx6j0GO9AHgdvoWr3dv9ottKvpocZ8yO3dlx9QMVXhmvNMvBJDLPaXUR4ZGMbofqORX3uBgYFcT8R/h5pvjfQrgfZo01eKMta3SqA+4DhGPdT0wenWgDzP4UfGm8m1G38P+KrjzlnIjtr9+GVugWQ9wegbrnrnOR9BV8h6Z8E/HuoFW/slbND0e5nRMfgCW/Svq3RYr+DQ7CHVZI5NQjt0S4kiYlXkAAYgkA8nnpQBfrK8Rf8AIHk/3l/nWrWV4i/5A8n+8v8AOuLMf90q/wCF/kbYf+LH1OMooor82PoApyEiRSDggjBFNpV++PrTW4M9Hooor9VPmQooooAKKKKACiiigAooooAKKKKACiiigAooooA84b75+tJSt98/Wkr8qe59MFFFFIDs/Dv/ACB4/wDeb+datZXh3/kDx/7zfzrVr9Jy7/dKX+FfkfP4j+LL1CioZ7q3tU33E8UK/wB6Rwo/Wlt7mC7gWe2mjmhf7skbBlPbgiu0xPMP2g/+SZ/9v0X8mr57+HH/ACUnw5/2EIf/AEIV9B/tBkD4ZjnrfRfyavn34cAn4k+HMf8AQQh/9CFAH2vXw14w/wCR217/ALCNx/6MavuWvhrxh/yO2vf9hG4/9GNQB638NPjH4b8H+B7TRtRt9Se5heRmaCJGXDOSMEuD0PpXR3v7SPhuOFjY6Pqs82PlWYRxqfxDMf0ryrwp8G/EfjDw/DrWnXWmR20zMqrPK6vlWKnICEdR610UH7N/idv9fq2kR/7jSN/NBQB5p4r8T33jDxHdazqG0TTEBY0+7Gg4VR7AfmcnvXu/7Onhu4sdE1LX7mNkW/ZYrcMPvImcsPYscf8AATTPDX7OdhZXiXPiHVDfohyLW3Qxo3+8xOSPYY+te229vDa28dvbxJFDEoRI41CqqjgAAdBQB4h+0r/yBdA/6+Jf/QRXg3h/X9R8MazDq2lTLDeQhgjsgcDcpU8HjoTXvP7Sv/IF0D/r4l/9BFeTfCvQdN8TfELT9K1aAz2UySl4w7JnbGzDlSD1AoA1P+F6eP8A/oLQ/wDgJF/8TR/wvTx//wBBaH/wEi/+Jr3X/hR/w+/6Aj/+Bk3/AMXR/wAKP+H3/QEf/wADJv8A4ugDh/hB8TfFXi3xudN1i+jntfsskuxbdEO4FccgA9zXqXxKuvsfw18RSg4JsZY/++xt/wDZqj8OfDTwp4T1T+0tG01re78sx7zcSP8AKcZGGYjsKt+PbB9T8Aa/aRIXlksZdijqzBSQPzAoA+Iq+89KtEsNHsbOIYjgt44lA7BVAH8q+DK+6fC+px6z4V0nUomDLc2kcnB6EqMj8DkfhQAviPxFp3hXRZdW1WR47SJlVmRCxyxwOB7muJ/4Xz4D/wCf66/8BH/wrZ+KPhzUPFfgO80jS1ja7lkiZRI+0YVwTz9BXgP/AAoLx1/z7WP/AIFCgD2X/hfPgP8A5/rr/wABH/wrt/D3iDT/ABRokGr6XI8lnOWCM6FSdrFTwfcGvhm6t5LO7mtZQBLDI0bgHIyDg19cfA//AJJHo3+9P/6OegD0KsrxF/yB5P8AeX+datZXiL/kDyf7y/zrizH/AHSr/hf5G2H/AIsfU4yiiivzY+gClX74+tJSr98fWmtwPR6KKK/VT5kKKKKACiiigAooooAKKKKACiiigAooooAKKKKAPOG++frSUrffP1pK/KnufTBRRRSA7Pw7/wAgeP8A3m/nWrWV4d/5A8f+83861a/Scu/3Sl/hX5Hz+I/iy9T4q+JdjNp3xK8QwTbsm9klXP8Acc71/RhXtfwO+IGiJ4Oh8PalqFvZXtlI4jFxIEEqMxYbSTgkFiMdelanxd+FD+NVj1fR2jj1iBPLaNztW4QdBnsw5we+cHtj501HwV4o0qdob3w/qUTKcZ+zsyn6MAQfwNdpiew/H/xto+p6LYaBpd/b3swuRcztbyB1jCqyhSRxkljx1GPevPPg3pkmp/FPRgikpbu1zIwH3VRSQT/wLaPxrM0j4ceMNbuUhtPD1+ob/lrPCYYwPXc+B/WvpX4W/DODwBpkktxKtxq92oFxKv3EA5CJnnGep7n6CgD0Gvhrxh/yO2vf9hG4/wDRjV9y18f+KPh74wuvFutXEHhvUpIZb+d43W3YhlMjEEe2KAPePgT/AMko07/rtP8A+jGr0iuD+DmlX+jfDawstStJrS6SWYtFMpVgDISOPpXeUAFFFFAHhn7Sv/IF0D/r4l/9BFeXfB3UrHSPibpt7qN3DaWqJMHmmcIq5iYDJPuQK9j+Pvh7WPEGk6LHpGm3N88U8jSLBGWKgqME4rwr/hW3jX/oV9U/8B2oA+sf+Fh+DP8AoadH/wDAxP8AGj/hYfgz/oadH/8AAxP8a+Tv+FbeNf8AoV9U/wDAdqP+FbeNf+hX1T/wHagD6x/4WH4M/wChp0j/AMDE/wAa6Wvipfht413D/il9U6/8+7V9q0AfGfxP8GT+C/GNzbeXiwuWaeycDgxk/d+q9D+B711/wg+LsHhS3/sDXzJ/ZRctb3Cgsbck5IIHJUnJ45BJ4OePoDxX4Q0fxnpDadq9v5ijJilXiSFv7ynt/I96+b/E/wACPFmiPJLpsaavZgna1ucSge8Z7/7pNAH0ja+MvDF5bi4t/EOlvERnP2tBj6gnj8a5TxZ8a/CfhyBltLtNXveiw2bhkz/tSfdA+mT7V8wXHhLxJaPsuPD+qxMTgB7OQZ/MVf0z4ceMtXmEdp4b1EZ/jnhMKf8AfT4H60Ac/fXRvtQubtlCGeVpSoOcbiTj9a+tfgf/AMkj0b/en/8ARz15/wCEP2dX8yO68WXyhAQfsVo2S3s0nb6L+Yr3mw0+00uxhsbC2itrWFdscUS7VUfSgCzWV4i/5A8n+8v861ayvEX/ACB5P95f51xZj/ulX/C/yNsP/Fj6nGUUUV+bH0AUq/fH1pKVfvj601uB6PRRRX6qfMhRRRQAUUUUAFFFFABRRRQAUUUUAFFFFABRRRQB5w33z9aSlb75+tJX5U9z6YKKKKQHZ+Hf+QPH/vN/OtWsrw7/AMgeP/eb+datfpOXf7pS/wAK/I+fxH8WXqFFFFdpiFFFFABRRRQAUUUUAFFFFABRRRQAUUUUAFFFFABRRRQAUUUUAFFFFABWV4i/5A8n+8v861ayvEX/ACB5P95f51xZj/ulX/C/yNsP/Fj6nGUUUV+bH0AUq/fH1pKVfvj601uB6PRRRX6qfMhRRRQAUUUUAFFFFABRRRQAUUUUAFFFFABRRRQB5w33z9aSlb75+tJX5U9z6YKKKKQHZ+Hf+QPH/vN/OtWsrw7/AMgeP/eb+datfpOXf7pS/wAK/I+fxH8WXqFFFFdpiFFFFABRRRQAUUUUAFFFFABRRRQAUUUUAFFFFABRRRQAUUUUAFFFFABWV4i/5A8n+8v861ayvEX/ACB5P95f51xZj/ulX/C/yNsP/Fj6nGUUUV+bH0AUq/fH1pKVfvj601uB6PRRRX6qfMhRRRQAUUUUAFFFFABRRRQAUUUUAFFFFABRRRQB5w33z9aSlb75+tJX5U9z6YKKKKQE8V7dQIEiuJUQfwqxAqT+077/AJ/J/wDvs1UorVV6qVlJ/eyXCL6Fv+077/n8n/77NH9p33/P5P8A99mqlFP6zW/nf3sXs4dkW/7Tvv8An8n/AO+zR/ad9/z+T/8AfZqpRR9Zrfzv72Hs4dkW/wC077/n8n/77NH9p33/AD+T/wDfZqpRR9Zrfzv72Hs4dkW/7Tvv+fyf/vs0f2nff8/k/wD32aqUUfWa387+9h7OHZFv+077/n8n/wC+zR/ad9/z+T/99mqlFH1mt/O/vYezh2Rb/tO+/wCfyf8A77NH9p33/P5P/wB9mqlFH1mt/O/vYezh2Rb/ALTvv+fyf/vs0f2nff8AP5P/AN9mqlFH1mt/O/vYezh2Rb/tO+/5/J/++zR/ad9/z+T/APfZqpRR9Zrfzv72Hs4dkW/7Tvv+fyf/AL7NH9p33/P5P/32aqUUfWa387+9h7OHZFv+077/AJ/J/wDvs0f2nff8/k//AH2aqUUfWa387+9h7OHZFv8AtO+/5/J/++zR/ad9/wA/k/8A32aqUUfWa387+9h7OHZFv+077/n8n/77NRy3t1OhSW4ldD/CzEioKKTr1WrOT+9jUIroFFFFZFBSr98fWkpV++PrTW4Ho9FFFfqp8yFFFFABRRRQAUUUUAFFFFABRRRQAUUUUAFFFFAHnDffP1pKVvvn60lflT3PpgooopAFFFFABRRRQAUUUUAFFFFABRRRQAUUUUAFFFFABRRRQAUUUUAFFFFABRRRQAUUUUAFFFFABRRRQAUq/fH1pKVfvj601uB6PRRRX6qfMhRRRQAUUUUAFFFFABRRRQAUUUUAFFFFABRRRQBgnwtbkk/aJefYUf8ACLW//PxL+Qreorzf7IwX/Ptfj/mdH1qt/MYP/CLW/wDz8S/kKP8AhFrf/n4l/IVvUUf2Pgf+fa/H/MPrdb+Ywf8AhFrf/n4l/IUf8Itb/wDPxL+Qreoo/sfA/wDPtfj/AJh9brfzGD/wi1v/AM/Ev5Cj/hFrf/n4l/IVvUUf2Pgf+fa/H/MPrdb+Ywf+EWt/+fiX8hR/wi1v/wA/Ev5Ct6ij+x8D/wA+1+P+YfW638xg/wDCLW//AD8S/kKP+EWt/wDn4l/IVvUUf2Pgf+fa/H/MPrdb+Ywf+EWt/wDn4l/IUf8ACLW//PxL+Qreoo/sfA/8+1+P+YfW638xg/8ACLW//PxL+Qo/4Ra3/wCfiX8hW9RR/Y+B/wCfa/H/ADD63W/mMH/hFrf/AJ+JfyFH/CLW/wDz8S/kK3qKP7HwP/Ptfj/mH1ut/MYP/CLW/wDz8S/kKP8AhFrf/n4l/IVvUUf2Pgf+fa/H/MPrdb+Ywf8AhFrf/n4l/IUf8Itb/wDPxL+Qreoo/sfA/wDPtfj/AJh9brfzGD/wi1v/AM/Ev5Cj/hFrf/n4l/IVvUUf2Pgf+fa/H/MPrdb+Ywf+EWt/+fiX8hR/wi1v/wA/Ev5Ct6ij+x8D/wA+1+P+YfW638xg/wDCLW//AD8S/kKP+EWt/wDn4l/IVvUUf2Pgf+fa/H/MPrdb+Ywf+EWt/wDn4l/IUf8ACLW//PxL+Qreoo/sfA/8+1+P+YfW638xg/8ACLW//PxL+Qo/4Ra3/wCfiX8hW9RR/Y+B/wCfa/H/ADD63W/mMH/hFrf/AJ+JfyFA8LW4IP2iXj2Fb1FH9kYL/n2vx/zD61W/mCiiivSOcKKKKACiiigAooooAKKKKACiiigAooooAKKKKACiiigAooooAKKKKACiiigAooooAKKKKACiiigAooooAKKKKACiiigAooooAKKKKACiiigAooooAKKKKACiiigAooooAKKKKACiiigAooooAKKKKACiiigAooooAKKKKACiiigAooooAKKKKACiiigAooooAKKKKACiiigAooooAKKKKACiiigAooooAKKKKACiiigAooooAKKKKACiiigAooooAKKKKACiiigAooooAKKKKACiiigAooooAKKKKACiiigAooooAKKKKACiiigAooooAKKKKACiiigAooooAKKKKACiiigAooooAKKKKACiiigAooooAKKKKACiiigAooooAKKKKACiiigAooooAKKKKACiiigAooooAKKKKACiiigAooooAKKKKACiiigAooooAKKKKACiiigAooooAKKKKACiiigAooooAKKKKACiiigAooooAKKKKACiiigAooooAKKKKACiiigAooooAKKKKACiiigAooooAKKKKACiiigAooooAKKKKACiiigAooooAKKKKACiiigAooooAKKKKACiiigAooooAKKKKACiiigAooooAKKKKACiiigAooooAKKKKACiiigAooooAKKKKACiiigAooooAKKKKACiiigAooooAKKKKACiiigAooooAKKKKACiiigAooooAKKKKACiiigAooooAKKKKACiiigAooooAKKKKACiiigAooooAKKKKACiiigAooooAKKKKACiiigAooooAKKKKACiiigAooooA//Z",
      "data:image/gif;base64,R0lGODlhkAGQAYEAAAAAAPO6DAAAACZFySH5BAEAAAIALAAAAACQAZABAAL/lI+py+0Po5y02ouz3rz7D4biSJbmiabqyrbuC8fyTNf2jef6zvf+DwwKh8Si8YhMKpfMpvMJjUqn1Kr1is1qt9yu9wsOi8fksvmMTqvX7Lb7DY/L5/S6/Y7P6/f8vv8PGCg4SFhoeIiYqLjI2Oj4CBkpOUlZaXmJmam5ydnp+QkaKjpKWmp6ipqqusra6voKGys7S1tre4ubq7vL2+v7CxwsPExcbHyMnKy8zNzs/AwdLT1NXW19jZ2tvc3d7f0NHi4+Tl5ufo6err7O3u7+Dh8vP09fb3+Pn6+/z9/v/w8woMCBBAsaPIgwocKFDBs6fAgxosSJFCtavIgxo8aN/xw7evwIMqTIkSRLmjyJMqXKlQkCuHwJM6bMmTRr2ryJM6fOnTx7+vyZMxnQoUSLGj2KNClPZEqbOn0KNSrRY1KrWr2KFamxrFy7ev3qshjYsWTLah1mNq3atTfRsn0LV62wuHTrfg1mN6/eqsD2+v2b9BfgwYR/+iqMOHFbXoobO37J+LHkxLsmWy6s67JmwLk2e96L67Nou7dGm45r67RqtrVWu05L67VssrNm274b67Zurrl3+7YK67dwqa+GG3/q6rhypa2WOz/K6rn0qaqmWzec6rr2paiislzi/XuS8M4CmCLfLCwp9Mwgj2K/DOZ7qNBiioKvTGYo/EL1f//iz9RM/9H3TE2eAEiVgZwguJVNCxJYnoObMCjWYplQSExQF0KYnoaXYOiWh5WAONdOH3LYHneUkIhXTyOiGJ9PK8KYH3aRsNgXUJLgKNhQN9LYn4+P8HhYUUMCGaCRjRDZy1mLMBkZdE8imaCTiEBZGXOJYJlZU1tS2aCXh3D5AgBmnokmmhqkqWYDbL4JZ5wA4AAmH2SuIKecF8TpQJ5+wklnnXrcicKfeVbAp5uGLjrnDYSy8WgJjOo5QaIMTGpooMgVEqkImB4qgaULfOqnpk4Z0ikIpIIKgagKrEqpDamiMWsHsLLaJ6CK3sqmqWISUusGf+4aK7Fp5tqrE8H/lrFsBsUiqyu0xxp75hPNjnGtBc+26uqr0Y76prWC5pEtBdtG0G0C6R7wLXjj4lFupe2aOy8C6xpQLxLxfrEvt+E6my++AQswcBH9dnGwtG1isLC/yV76bxMJbzExxA/jOXDBRFScBcfqauxpxhEz4fEVJbMLcgj3Ejyyu5sC+26hLauwcspBnFwFzixfjPHM9vqsb8x24LyypCLzauYOOk9BtM2qHo200kLX0TTQJ9SMdNI6LC1F1TxTm6nFX/+ctdQvD+L1tA4zCrbWYvNq9qmcTk1C0Shj2najb98a969o0z2C3QLjvXe1eX/at5Ywny2D4DtPmrfCbpMMuBw6/6dMauRti8t4IJdb/THh4ILu9A9cR/E56KEGjPXYQXcOSOqu02t162pTDvsfst/OMOtQN+yy3IsLX4Pjmo8+++PAK3E6FEsbX/jkoSdfug/Nc0588dWTPbvty49XeRxcQ+9t7b8bLnH4cJxO/t3mk676xuq/wf65h0vPPe/Tf/969p7PHzj77e9e3kMf7vwXOwAGEFfuG1b09IY8/h3hespSYMiydj4Dlk9/4MudHyioPAxCMIISDCH+OohA3VmwbiIc4QMl50IU+k0QIBwc3FYHv+QZbIVqqGEDRYdD6sVvCD5kHg9ltqje5ZCD/Zvh/zwIBAHC64i0omJvoGgnK/8GR4vM4mJyvIgtMEZHjGEo4iTM2ETFdQiLe0Djj9g4KDJWR478omN37IgwPJ5HjxTj43r82DFA3keQJiMkKNxoBEQeCY7kMuSAGDlFSLZIkkNz5IEsyTRMPoiSVNPkhDzpPFBuiJN0UKQjTElEUWIClUJg5ZRIOQdXKkKWplPliWBpOVtagpbW0+WLcCk+X84ImOsT5hmNmcbAFAiZE2QmJHjZA2iiypk7JGZnqCk/a4YGm6nUZmm42crtiJM2cxunObsyzXOq8yrpXKc7wXmzd8ozhR+cpz2tRMN76pM6w9unP01Uzn8KFCftHKhBBRTQgyrUPf1cqEIL6tCDQjT6ogOdKEX/adGL7jOjGr0nRzs6z4+C9J0iHek6S2rSc6I0peNcKUu349KXXiemMp0OTWv6nJvidDk63elxeurT4QA1qL8ZKlF3Y9Sj3iapSp2NeJ4K1ahKdapUrapVr4rVrGp1q1ztqle/CtawinWsZC2rWc+K1rSqda1sbatb3wrXuMp1rnStq13vite86nWvfO2rX/8K2MAKdrCELaxhD4vYxCp2sYxtrGMfC9nISnaylK2sZS+L2cxqdrOc7axnPwva0Ip2tKQtrWlPi9rUqna1rG2ta18L29jKdra0ra1tb4vb3Op2t7ztrW9/C9zgCne4xC2ucf9aAAA7"
    ]
  }
]