[
  {
    "layout": "title",
    "titles": [
      "Title"
    ],
    "subtitles": [
      "Subtitle"
    ],
    "bodies": [
      {
        "paragraphs": [
          {
            "fragments": [
              {
                "value": "@k1LoW"
              }
            ]
          }
        ]
      }
    ],
    "headings": {
      "1": [
        "Title"
      ],
      "2": [
        "Subtitle"
      ]
    }
  },
  {
    "layout": "section",
    "titles": [
      "Title"
    ],
    "comments": [
      "comment",
      "comment"
    ],
    "headings": {
      "1": [
        "Title"
      ]
    }
  },
  {
    "layout": "",
    "titles": [
      "Title"
    ],
    "bodies": [
      {
        "paragraphs": [
          {
            "fragments": [
              {
                "value": "aA"
              }
            ],
            "bullet": "-"
          },
          {
            "fragments": [
              {
                "value": "b"
              },
              {
                "value": "B",
                "bold": true
              }
            ],
            "bullet": "-"
          },
          {
            "fragments": [
              {
                "value": "cC"
              }
            ],
            "bullet": "-"
          },
          {
            "fragments": [
              {
                "value": "dD"
              }
            ],
            "bullet": "-",
            "nesting": 1
          },
          {
            "fragments": [
              {
                "value": "e",
                "italic": true
              },
              {
                "value": "E"
              }
            ],
            "bullet": "-"
          },
          {
            "fragments": [
              {
                "value": "fF"
              }
            ],
            "bullet": "-",
            "nesting": 1
          },
          {
            "fragments": [
              {
                "value": "gG"
              }
            ],
            "bullet": "-",
            "nesting": 2
          },
          {
            "fragments": [
              {
                "value": "h"
              },
              {
                "value": "H",
                "bold": true
              }
            ],
            "bullet": "1"
          },
          {
            "fragments": [
              {
                "value": "i",
                "bold": true
              },
              {
                "value": "I"
              }
            ],
            "bullet": "1"
          },
          {
            "fragments": [
              {
                "value": "ref: "
              },
              {
                "value": "deck repo",
                "link": "https://github.com/k1LoW/deck"
              }
            ]
          }
        ]
      }
    ],
    "headings": {
      "1": [
        "Title"
      ]
    }
  },
  {
    "layout": "title-and-body",
    "titles": [
      "1"
    ],
    "subtitles": [
      "2",
      "3"
    ],
    "bodies": [
      {
        "paragraphs": [
          {
            "fragments": [
              {
                "value": "body"
              }
            ]
          }
        ]
      }
    ],
    "headings": {
      "1": [
        "1"
      ],
      "2": [
        "2",
        "3"
      ]
    }
  },
  {
    "layout": "title-and-body-3col",
    "titles": [
      "1"
    ],
    "subtitles": [
      "2",
      "3",
      "4",
      "5"
    ],
    "bodies": [
      {
        "paragraphs": [
          {
            "fragments": [
              {
                "value": "a"
              }
            ]
          }
        ]
      },
      {
        "paragraphs": [
          {
            "fragments": [
              {
                "value": "b"
              }
            ]
          }
        ]
      },
      {
        "paragraphs": [
          {
            "fragments": [
              {
                "value": "c"
              }
            ]
          }
        ]
      }
    ],
    "headings": {
      "1": [
        "1"
      ],
      "2": [
        "2",
        "3",
        "4",
        "5"
      ]
    }
  }
]